// Jest Snapshot v1, https://goo.gl/fbAQLP

exports[`Booking renders corectly 1`] = `"<main><form><div class=\\"card-container\\"><div class=\\"card-header\\">Room 1</div><div class=\\"card-body\\"><div class=\\"column guess-selector\\"><label>Adults (18+)</label><select name=\\"adults\\"><option value=\\"1\\">1</option><option value=\\"2\\">2</option></select></div><div class=\\"column guess-selector\\"><label>Children (0-17)</label><select name=\\"children\\"><option value=\\"0\\">0</option><option value=\\"1\\">1</option><option value=\\"2\\">2</option></select></div></div></div><div class=\\"card-container disabled\\"><div class=\\"card-header\\"><input type=\\"checkbox\\" name=\\"selected\\">Room 2</div><div class=\\"card-body\\"><div class=\\"column guess-selector\\"><label>Adults (18+)</label><select name=\\"adults\\" disabled=\\"\\"><option value=\\"1\\">1</option><option value=\\"2\\">2</option></select></div><div class=\\"column guess-selector\\"><label>Children (0-17)</label><select name=\\"children\\" disabled=\\"\\"><option value=\\"0\\">0</option><option value=\\"1\\">1</option><option value=\\"2\\">2</option></select></div></div></div><div class=\\"card-container disabled\\"><div class=\\"card-header\\"><input type=\\"checkbox\\" name=\\"selected\\">Room 3</div><div class=\\"card-body\\"><div class=\\"column guess-selector\\"><label>Adults (18+)</label><select name=\\"adults\\" disabled=\\"\\"><option value=\\"1\\">1</option><option value=\\"2\\">2</option></select></div><div class=\\"column guess-selector\\"><label>Children (0-17)</label><select name=\\"children\\" disabled=\\"\\"><option value=\\"0\\">0</option><option value=\\"1\\">1</option><option value=\\"2\\">2</option></select></div></div></div><div class=\\"card-container disabled\\"><div class=\\"card-header\\"><input type=\\"checkbox\\" name=\\"selected\\">Room 4</div><div class=\\"card-body\\"><div class=\\"column guess-selector\\"><label>Adults (18+)</label><select name=\\"adults\\" disabled=\\"\\"><option value=\\"1\\">1</option><option value=\\"2\\">2</option></select></div><div class=\\"column guess-selector\\"><label>Children (0-17)</label><select name=\\"children\\" disabled=\\"\\"><option value=\\"0\\">0</option><option value=\\"1\\">1</option><option value=\\"2\\">2</option></select></div></div></div><div class=\\"actions-panel\\"><button type=\\"submit\\">Submit</button></div></form></main>"`;
