// Jest Snapshot v1, https://goo.gl/fbAQLP

exports[`Room loads the correct room from state and renders correctly 1`] = `"<div class=\\"card-container disabled\\"><div class=\\"card-header\\"><input type=\\"checkbox\\" name=\\"selected\\">Room 3</div><div class=\\"card-body\\"><div class=\\"column guess-selector\\"><label>Adults (18+)</label><select name=\\"adults\\" disabled=\\"\\"><option value=\\"1\\">1</option><option value=\\"2\\">2</option></select></div><div class=\\"column guess-selector\\"><label>Children (0-17)</label><select name=\\"children\\" disabled=\\"\\"><option value=\\"0\\">0</option><option value=\\"1\\">1</option><option value=\\"2\\">2</option></select></div></div></div>"`;

exports[`Room renders correctly 1`] = `"<div class=\\"card-container disabled\\"><div class=\\"card-header\\"><input type=\\"checkbox\\" name=\\"selected\\">Room 1</div><div class=\\"card-body\\"><div class=\\"column guess-selector\\"><label>Adults (18+)</label><select name=\\"adults\\" disabled=\\"\\"><option value=\\"1\\">1</option><option value=\\"2\\">2</option></select></div><div class=\\"column guess-selector\\"><label>Children (0-17)</label><select name=\\"children\\" disabled=\\"\\"><option value=\\"0\\">0</option><option value=\\"1\\">1</option><option value=\\"2\\">2</option></select></div></div></div>"`;
